NormalLocus.surjective_of_open_closed: standard axioms only: [Classical.choice, propext, Quot.sound]
NormalLocus.finite_etale_surjective: standard axioms only: [propext, Quot.sound, Classical.choice]
NormalLocus.exists_zero_of_not_isUnit: standard axioms only: [propext, Quot.sound, Classical.choice]
NormalLocus.substitution_not_isUnit: standard axioms only: [propext, Quot.sound, Classical.choice]
NormalLocus.dominant_hits_hypersurface: standard axioms only: [propext, Quot.sound, Classical.choice]
NormalLocus.integrallyClosed_iff_cotangent_dimension_one: standard axioms only: [propext, Quot.sound, Classical.choice]
NormalLocus.minimal_primes_equal_in_domain: standard axioms only: [propext, Quot.sound, Classical.choice]
NormalLocus.nonProperLocus_isClosed: standard axioms only: [propext, Quot.sound, Classical.choice]
NormalLocus.preimage_exists_outside_nonProperLocus: standard axioms only: [propext, Quot.sound, Classical.choice]
NormalLocus.missing_subset_nonProperLocus: standard axioms only: [propext, Quot.sound, Classical.choice]
NormalLocus.etale_isDominant: standard axioms only: [propext, Quot.sound, Classical.choice]
NormalLocus.etale_missing_subset_nonProperLocus: standard axioms only: [propext, Quot.sound, Classical.choice]
NormalLocus.integral_element_lifts_to_normal_source: standard axioms only: [propext, Quot.sound, Classical.choice]
NormalLocus.relative_integralClosure_map_eq: standard axioms only: [propext, Quot.sound, Classical.choice]
NormalLocus.finite_normal_source_isIntegralClosure: standard axioms only: [propext, Quot.sound, Classical.choice]
NormalLocus.finite_normal_source_range_eq_integralClosure: standard axioms only: [propext, Quot.sound, Classical.choice]
NormalLocus.canonical_integral_completion: standard axioms only: [propext, Quot.sound, Classical.choice]
NormalLocus.finite_of_proper_quasiFinite: standard axioms only: [propext, Quot.sound, Classical.choice]
NormalLocus.graphEval_section: standard axioms only: [propext, Quot.sound, Classical.choice]
NormalLocus.graphEval_relation: standard axioms only: [propext, Quot.sound, Classical.choice]
NormalLocus.graph_relation_span_eq_ker: standard axioms only: [propext, Quot.sound, Classical.choice]
NormalLocus.graphPrePresentation_jacobian: standard axioms only: [propext, Quot.sound, Classical.choice]
NormalLocus.keller_ringHom_etale: standard axioms only: [propext, Quot.sound, Classical.choice]
NormalLocus.keller_schemeMap_etale: standard axioms only: [propext, Quot.sound, Classical.choice]
NormalLocus.keller_ringHom_quasiFinite: standard axioms only: [propext, Quot.sound, Classical.choice]
NormalLocus.keller_schemeMap_quasiFinite: standard axioms only: [propext, Quot.sound, Classical.choice]
NormalLocus.keller_schemeMap_dominant: standard axioms only: [propext, Quot.sound, Classical.choice]
NormalLocus.keller_substitution_injective: standard axioms only: [propext, Quot.sound, Classical.choice]
NormalLocus.keller_hits_hypersurface: standard axioms only: [propext, Quot.sound, Classical.choice]
NormalLocus.keller_missing_subset_nonProperLocus: standard axioms only: [propext, Quot.sound, Classical.choice]
NormalLocus.rational_preimage_of_scheme_preimage: standard axioms only: [propext, Quot.sound, Classical.choice]
NormalLocus.keller_rational_preimage_outside_nonProperLocus: standard axioms only: [propext,
 Quot.sound,
 Classical.choice]
NormalLocus.finite_relative_integralClosure: standard axioms only: [propext, Quot.sound, Classical.choice]
NormalLocus.finite_relative_integralClosure_of_quasiFinite: standard axioms only: [propext,
 Quot.sound,
 Classical.choice]
NormalLocus.keller_relative_integralClosure_finite: standard axioms only: [propext, Quot.sound, Classical.choice]
NormalLocus.keller_integralClosure_SpecMap_finite: standard axioms only: [propext, Quot.sound, Classical.choice]
NormalLocus.keller_polynomial_missing_subset: standard axioms only: [propext, Quot.sound, Classical.choice]
NormalLocus.finite_fromNormalization_of_finite_integralClosure_top: standard axioms only: [propext,
 Quot.sound,
 Classical.choice]
NormalLocus.canonical_normalization_finite: standard axioms only: [propext, Quot.sound, Classical.choice]
NormalLocus.keller_canonical_normalization_finite: standard axioms only: [propext, Quot.sound, Classical.choice]
NormalLocus.keller_canonical_finite_completion: standard axioms only: [propext, Quot.sound, Classical.choice]
NormalLocus.proper_restriction_iff_preimage_subset_range: standard axioms only: [propext, Quot.sound, Classical.choice]
NormalLocus.boundary_image_eq_nonProperLocus: standard axioms only: [propext, Quot.sound, Classical.choice]
NormalLocus.keller_nonProperLocus_eq_boundary_image: standard axioms only: [propext, Quot.sound, Classical.choice]
NormalLocus.nonProperScheme_isReduced: standard axioms only: [propext, Quot.sound, Classical.choice]
NormalLocus.range_nonProperInclusion: standard axioms only: [propext, Quot.sound, Classical.choice]
NormalLocus.nonProperInclusion_isClosedImmersion: standard axioms only: [propext, Quot.sound, Classical.choice]
NormalLocus.keller_restrictedMap_etale: standard axioms only: [propext, Quot.sound, Classical.choice]
NormalLocus.relative_integralClosure_isIntegrallyClosed: standard axioms only: [propext, Quot.sound, Classical.choice]
NormalLocus.normalPoints_eq_univ_of_affine: standard axioms only: [propext, Quot.sound, Classical.choice]
NormalLocus.canonical_normalization_normalPoints_eq_univ: standard axioms only: [propext, Quot.sound, Classical.choice]
NormalLocus.polynomial_canonical_normalization_normal: standard axioms only: [propext, Quot.sound, Classical.choice]
NormalLocus.keller_canonical_finite_normal_completion: standard axioms only: [propext, Quot.sound, Classical.choice]
NormalLocus.KummerChart.parameter_pow: standard axioms only: [propext, Quot.sound, Classical.choice]
NormalLocus.KummerChart.finite_free: standard axioms only: [propext, Quot.sound, Classical.choice]
NormalLocus.KummerChart.parameter_isRegular: standard axioms only: [propext, Quot.sound, Classical.choice]
NormalLocus.KummerChart.quotient_equiv_exists: standard axioms only: [propext, Quot.sound, Classical.choice]
NormalLocus.KummerChart.parameterIdeal_isRadical: standard axioms only: [propext, Quot.sound, Classical.choice]
NormalLocus.KummerChart.parameterIdeal_isPrime: standard axioms only: [propext, Quot.sound, Classical.choice]
NormalLocus.KummerChart.radical_baseIdeal: standard axioms only: [propext, Quot.sound, Classical.choice]
NormalLocus.normal_height_one_localization_isDVR: standard axioms only: [propext, Quot.sound, Classical.choice]
NormalLocus.normal_height_one_cotangent_dimension: standard axioms only: [propext, Quot.sound, Classical.choice]
NormalLocus.External.ComplexAlgebraic.of_finiteType: standard axioms only: [propext, Quot.sound, Classical.choice]
NormalLocus.External.ComplexAlgebraic.isLocallyNoetherian: standard axioms only: [propext, Quot.sound, Classical.choice]
NormalLocus.surjective_of_local_surjective: standard axioms only: [propext, Quot.sound, Classical.choice]
NormalLocus.finite_etale_surjective_of_local: standard axioms only: [propext, Quot.sound, Classical.choice]
NormalLocus.etale_preimage_open_nonempty: standard axioms only: [propext, Quot.sound, Classical.choice]
NormalLocus.etale_pullback_open_nonempty: standard axioms only: [propext, Quot.sound, Classical.choice]
NormalLocus.affine_hartogs_restriction_bijective: standard axioms only: [propext, Quot.sound, Classical.choice]
NormalLocus.affine_hartogs: standard axioms only: [propext, Quot.sound, Classical.choice]
NormalLocus.prime_divisors_equal_at_irreducible_neighborhood: standard axioms only: [Quot.sound,
 propext,
 Classical.choice]
NormalLocus.boundary_divisor_ne_interior: standard axioms only: []
NormalLocus.boundary_collision_exclusion: standard axioms only: [Quot.sound, propext, Classical.choice]
NormalLocus.image_isReduced_of_affine: standard axioms only: [propext, Quot.sound, Classical.choice]
NormalLocus.image_inclusion_range: standard axioms only: [propext, Quot.sound, Classical.choice]
NormalLocus.preimage_source_eq_range_toImage: standard axioms only: [propext, Quot.sound, Classical.choice]
NormalLocus.finite_closure_factorization: standard axioms only: [propext, Quot.sound, Classical.choice]
NormalLocus.closure_openImmersion_isIso_of_normalization_covered: standard axioms only: [propext,
 Quot.sound,
 Classical.choice]
NormalLocus.finite_of_normalization_covered: standard axioms only: [propext, Quot.sound, Classical.choice]
NormalLocus.normal_local_ring_dimension_one_regular: standard axioms only: [propext, Quot.sound, Classical.choice]
NormalLocus.normal_point_dimension_one_regular: standard axioms only: [propext, Quot.sound, Classical.choice]
NormalLocus.height_one_points_avoid_boundary: standard axioms only: [propext, Quot.sound, Classical.choice]
NormalLocus.affine_boundary_removal: standard axioms only: [propext, Quot.sound, Classical.choice]
NormalLocus.boundary_image_under_normalization: standard axioms only: [propext, Quot.sound, Classical.choice]
NormalLocus.IsDivisorUnion.ne_univ: standard axioms only: [propext, Quot.sound, Classical.choice]
NormalLocus.IsDivisorUnion.image: standard axioms only: [propext, Quot.sound, Classical.choice]
NormalLocus.PrimeDivisor.closure_image: standard axioms only: [Quot.sound, propext, Classical.choice]
NormalLocus.interior_divisor_through_closure_point: standard axioms only: [Quot.sound, propext, Classical.choice]
NormalLocus.boundary_divisor_through_point: standard axioms only: [propext, Quot.sound, Classical.choice]
NormalLocus.collision_from_divisor_decompositions: standard axioms only: [Quot.sound, propext, Classical.choice]
NormalLocus.normalization_piece_covered: standard axioms only: [propext, Quot.sound, Classical.choice]
NormalLocus.closure_equality_from_pieces: standard axioms only: [propext, Quot.sound, Classical.choice]
NormalLocus.normal_point_openImmersion_iff: standard axioms only: [propext, Quot.sound, Classical.choice]
NormalLocus.normalPoints_openImmersion: standard axioms only: [propext, Quot.sound, Classical.choice]
NormalLocus.normalPoints_isReduced: standard axioms only: [propext, Quot.sound, Classical.choice]
NormalLocus.LocalModel.l_q: standard axioms only: [propext, Quot.sound, Classical.choice]
NormalLocus.LocalModel.q_i: standard axioms only: [propext, Quot.sound, Classical.choice]
NormalLocus.LocalModel.toZ_etale: standard axioms only: [propext, Quot.sound, Classical.choice]
NormalLocus.LocalModel.range_cV: standard axioms only: [propext, Quot.sound, Classical.choice]
NormalLocus.LocalModel.preimage_source: standard axioms only: [propext, Quot.sound, Classical.choice]
NormalLocus.LocalModel.finite_actual_pullback_of_finite_model: standard axioms only: [propext,
 Quot.sound,
 Classical.choice]
NormalLocus.completion_etale_restriction: standard axioms only: [propext, Quot.sound, Classical.choice]
NormalLocus.completion_etale_outside_divisor: standard axioms only: [propext, Quot.sound, Classical.choice]
NormalLocus.local_restriction_finite: standard axioms only: [propext, Quot.sound, Classical.choice]
NormalLocus.keller_hits_prime_divisor: standard axioms only: [propext, Quot.sound, Classical.choice]
NormalLocus.dense_on_divisor_union: standard axioms only: [propext, Quot.sound, Classical.choice]
NormalLocus.preimage_nonempty_of_dense_image: standard axioms only: [propext, Quot.sound, Classical.choice]
NormalLocus.range_morphismRestrict: standard axioms only: [propext, Quot.sound, Classical.choice]
NormalLocus.finite_restriction_of_local: standard axioms only: [propext, Quot.sound, Classical.choice]
NormalLocus.surjective_restriction_of_local: standard axioms only: [propext, Quot.sound, Classical.choice]
NormalLocus.completion_boundary_restriction: standard axioms only: [propext, Quot.sound, Classical.choice]
NormalLocus.finite_on_normal_affine_slice: standard axioms only: [propext, Quot.sound, Classical.choice]
NormalLocus.normal_locus_from_external_geometry: standard axioms only: [propext, Quot.sound, Classical.choice]
NormalLocus.polynomial_scheme_normal: standard axioms only: [propext, Quot.sound, Classical.choice]
NormalLocus.polynomial_scheme_complexAlgebraic: standard axioms only: [propext, Quot.sound, Classical.choice]
NormalLocus.normal_affine_slices: standard axioms only: [propext, Quot.sound, Classical.choice]
NormalLocus.External.Library.normalSlices: standard axioms only: [propext, Quot.sound, Classical.choice]
NormalLocus.normal_locus_finite_etale_conditional: standard axioms only: [propext, Quot.sound, Classical.choice]
EXTERNAL_INTERFACE_CHECKED: no Keller or NL-specific dependencies
CONDITIONAL_NL_VERIFIED: exact Library → NL target and standard axioms checked
FULL_NL_INCOMPLETE: no theorem certificate for the exact NL target
